 
****************************************
check_design summary:
Version:     N-2017.09-SP3
Date:        Mon Jun 26 14:51:52 2023
****************************************

                   Name                                            Total
--------------------------------------------------------------------------------
Cells                                                              61
    Cells do not have output pins (LINT-10)                        61

Designs                                                            61
    Design has no outputs ports (LINT-25)                          61
--------------------------------------------------------------------------------

Warning: In design 'PeripheryBus', cell 'monitor' has no output pins. (LINT-10)
Warning: In design 'CLINT', cell 'monitor' has no output pins. (LINT-10)
Warning: In design 'TLXbar', cell 'monitor' has no output pins. (LINT-10)
Warning: In design 'TLXbar', cell 'monitor_1' has no output pins. (LINT-10)
Warning: In design 'TLFIFOFixer', cell 'monitor' has no output pins. (LINT-10)
Warning: In design 'TLFIFOFixer', cell 'monitor_1' has no output pins. (LINT-10)
Warning: In design 'TLFIFOFixer_1', cell 'monitor' has no output pins. (LINT-10)
Warning: In design 'TLXbar_2', cell 'monitor' has no output pins. (LINT-10)
Warning: In design 'TLBuffer', cell 'monitor' has no output pins. (LINT-10)
Warning: In design 'TLAtomicAutomata', cell 'monitor' has no output pins. (LINT-10)
Warning: In design 'TLBuffer_1', cell 'monitor' has no output pins. (LINT-10)
Warning: In design 'TLBuffer_3', cell 'monitor' has no output pins. (LINT-10)
Warning: In design 'TLFIFOFixer_2', cell 'monitor' has no output pins. (LINT-10)
Warning: In design 'TLXbar_4', cell 'monitor' has no output pins. (LINT-10)
Warning: In design 'TLXbar_4', cell 'monitor_1' has no output pins. (LINT-10)
Warning: In design 'TLXbar_5', cell 'monitor' has no output pins. (LINT-10)
Warning: In design 'TLBuffer_5', cell 'monitor' has no output pins. (LINT-10)
Warning: In design 'TLAtomicAutomata_1', cell 'monitor' has no output pins. (LINT-10)
Warning: In design 'TLXbar_6', cell 'monitor' has no output pins. (LINT-10)
Warning: In design 'TLFIFOFixer_3', cell 'monitor' has no output pins. (LINT-10)
Warning: In design 'ProbePicker', cell 'monitor' has no output pins. (LINT-10)
Warning: In design 'ProbePicker', cell 'monitor_1' has no output pins. (LINT-10)
Warning: In design 'InclusiveCache', cell 'monitor' has no output pins. (LINT-10)
Warning: In design 'InclusiveCache', cell 'monitor_1' has no output pins. (LINT-10)
Warning: In design 'TLBuffer_15', cell 'monitor' has no output pins. (LINT-10)
Warning: In design 'TLCacheCork', cell 'monitor' has no output pins. (LINT-10)
Warning: In design 'BankBinder', cell 'monitor' has no output pins. (LINT-10)
Warning: In design 'TLBuffer_18', cell 'monitor' has no output pins. (LINT-10)
Warning: In design 'TLPLIC', cell 'monitor' has no output pins. (LINT-10)
Warning: In design 'TLROM', cell 'monitor' has no output pins. (LINT-10)
Warning: In design 'TLSerdesser', cell 'monitor' has no output pins. (LINT-10)
Warning: In design 'TLBuffer_21', cell 'monitor' has no output pins. (LINT-10)
Warning: In design 'TLUART', cell 'monitor' has no output pins. (LINT-10)
Warning: In design 'TileClockGater', cell 'monitor' has no output pins. (LINT-10)
Warning: In design 'TileResetSetter', cell 'monitor' has no output pins. (LINT-10)
Warning: In design 'TLFragmenter', cell 'monitor' has no output pins. (LINT-10)
Warning: In design 'TLFragmenter_1', cell 'monitor' has no output pins. (LINT-10)
Warning: In design 'TLBuffer_4', cell 'monitor' has no output pins. (LINT-10)
Warning: In design 'TLError', cell 'monitor' has no output pins. (LINT-10)
Warning: In design 'TLBuffer_6', cell 'monitor' has no output pins. (LINT-10)
Warning: In design 'TLBuffer_7', cell 'monitor' has no output pins. (LINT-10)
Warning: In design 'TLFragmenter_2', cell 'monitor' has no output pins. (LINT-10)
Warning: In design 'TLFragmenter_3', cell 'monitor' has no output pins. (LINT-10)
Warning: In design 'TLFragmenter_4', cell 'monitor' has no output pins. (LINT-10)
Warning: In design 'TLFragmenter_5', cell 'monitor' has no output pins. (LINT-10)
Warning: In design 'TLFragmenter_6', cell 'monitor' has no output pins. (LINT-10)
Warning: In design 'TLBuffer_9', cell 'monitor' has no output pins. (LINT-10)
Warning: In design 'TLFragmenter_7', cell 'monitor' has no output pins. (LINT-10)
Warning: In design 'TLBuffer_11', cell 'monitor' has no output pins. (LINT-10)
Warning: In design 'TLFragmenter_8', cell 'monitor' has no output pins. (LINT-10)
Warning: In design 'TLToAXI4', cell 'monitor' has no output pins. (LINT-10)
Warning: In design 'TLXbar_9', cell 'monitor' has no output pins. (LINT-10)
Warning: In design 'TLDebugModuleOuter', cell 'monitor' has no output pins. (LINT-10)
Warning: In design 'TLAsyncCrossingSource', cell 'monitor' has no output pins. (LINT-10)
Warning: In design 'TLDebugModuleInner', cell 'monitor' has no output pins. (LINT-10)
Warning: In design 'TLDebugModuleInner', cell 'monitor_1' has no output pins. (LINT-10)
Warning: In design 'TLXbar_7', cell 'monitor' has no output pins. (LINT-10)
Warning: In design 'TLXbar_7', cell 'monitor_1' has no output pins. (LINT-10)
Warning: In design 'Rocket', cell 'PlusArgTimeout' has no output pins. (LINT-10)
Warning: In design 'TLBusBypassBar', cell 'monitor' has no output pins. (LINT-10)
Warning: In design 'TLError_1', cell 'monitor' has no output pins. (LINT-10)
Warning: Design 'TLMonitor_11' does not have any output ports. (LINT-25)
Warning: Design 'TLMonitor_46' does not have any output ports. (LINT-25)
Warning: Design 'TLMonitor' does not have any output ports. (LINT-25)
Warning: Design 'TLMonitor_1' does not have any output ports. (LINT-25)
Warning: Design 'TLMonitor_2' does not have any output ports. (LINT-25)
Warning: Design 'TLMonitor_3' does not have any output ports. (LINT-25)
Warning: Design 'TLMonitor_4' does not have any output ports. (LINT-25)
Warning: Design 'TLMonitor_5' does not have any output ports. (LINT-25)
Warning: Design 'TLMonitor_6' does not have any output ports. (LINT-25)
Warning: Design 'TLMonitor_7' does not have any output ports. (LINT-25)
Warning: Design 'TLMonitor_8' does not have any output ports. (LINT-25)
Warning: Design 'TLMonitor_12' does not have any output ports. (LINT-25)
Warning: Design 'TLMonitor_14' does not have any output ports. (LINT-25)
Warning: Design 'TLMonitor_15' does not have any output ports. (LINT-25)
Warning: Design 'TLMonitor_16' does not have any output ports. (LINT-25)
Warning: Design 'TLMonitor_17' does not have any output ports. (LINT-25)
Warning: Design 'TLMonitor_18' does not have any output ports. (LINT-25)
Warning: Design 'TLMonitor_19' does not have any output ports. (LINT-25)
Warning: Design 'TLMonitor_32' does not have any output ports. (LINT-25)
Warning: Design 'TLMonitor_33' does not have any output ports. (LINT-25)
Warning: Design 'TLMonitor_34' does not have any output ports. (LINT-25)
Warning: Design 'TLMonitor_35' does not have any output ports. (LINT-25)
Warning: Design 'TLMonitor_37' does not have any output ports. (LINT-25)
Warning: Design 'TLMonitor_38' does not have any output ports. (LINT-25)
Warning: Design 'TLMonitor_39' does not have any output ports. (LINT-25)
Warning: Design 'TLMonitor_40' does not have any output ports. (LINT-25)
Warning: Design 'TLMonitor_41' does not have any output ports. (LINT-25)
Warning: Design 'TLMonitor_44' does not have any output ports. (LINT-25)
Warning: Design 'TLMonitor_45' does not have any output ports. (LINT-25)
Warning: Design 'TLMonitor_54' does not have any output ports. (LINT-25)
Warning: Design 'TLMonitor_55' does not have any output ports. (LINT-25)
Warning: Design 'TLMonitor_56' does not have any output ports. (LINT-25)
Warning: Design 'TLMonitor_57' does not have any output ports. (LINT-25)
Warning: Design 'TLMonitor_58' does not have any output ports. (LINT-25)
Warning: Design 'TLMonitor_59' does not have any output ports. (LINT-25)
Warning: Design 'TLMonitor_9' does not have any output ports. (LINT-25)
Warning: Design 'TLMonitor_10' does not have any output ports. (LINT-25)
Warning: Design 'TLMonitor_13' does not have any output ports. (LINT-25)
Warning: Design 'TLMonitor_20' does not have any output ports. (LINT-25)
Warning: Design 'TLMonitor_21' does not have any output ports. (LINT-25)
Warning: Design 'TLMonitor_22' does not have any output ports. (LINT-25)
Warning: Design 'TLMonitor_23' does not have any output ports. (LINT-25)
Warning: Design 'TLMonitor_24' does not have any output ports. (LINT-25)
Warning: Design 'TLMonitor_25' does not have any output ports. (LINT-25)
Warning: Design 'TLMonitor_26' does not have any output ports. (LINT-25)
Warning: Design 'TLMonitor_27' does not have any output ports. (LINT-25)
Warning: Design 'TLMonitor_28' does not have any output ports. (LINT-25)
Warning: Design 'TLMonitor_29' does not have any output ports. (LINT-25)
Warning: Design 'TLMonitor_30' does not have any output ports. (LINT-25)
Warning: Design 'TLMonitor_31' does not have any output ports. (LINT-25)
Warning: Design 'TLMonitor_36' does not have any output ports. (LINT-25)
Warning: Design 'TLMonitor_47' does not have any output ports. (LINT-25)
Warning: Design 'TLMonitor_48' does not have any output ports. (LINT-25)
Warning: Design 'TLMonitor_51' does not have any output ports. (LINT-25)
Warning: Design 'TLMonitor_52' does not have any output ports. (LINT-25)
Warning: Design 'TLMonitor_53' does not have any output ports. (LINT-25)
Warning: Design 'TLMonitor_42' does not have any output ports. (LINT-25)
Warning: Design 'TLMonitor_43' does not have any output ports. (LINT-25)
Warning: Design 'PlusArgTimeout' does not have any output ports. (LINT-25)
Warning: Design 'TLMonitor_49' does not have any output ports. (LINT-25)
Warning: Design 'TLMonitor_50' does not have any output ports. (LINT-25)
1
